2026-09-04 17:00
任务：为输入/点击模式粒度分段「省级/市级」新增「世界」档（193 会员国、中国含港澳台；粒度到国家）。grill-with-docs 进行中，尚未写任何代码。用户规则：写代码前必须逐项确认。
已定决策（供下轮续问）：
- Q1 范围：联合国 193 会员国，中国含港澳台（港澳台不单列作答）。
- Q2 数据源：阿里云 DataV GeoAtlas world.json（与现有中国地图同源；子代理核实中）。
- Q3 无下钻：国家即最小单位。
- Q4 第三套隔离的「国家熟练度」存储（localStorage 新键）。
- Q5 独立「世界榜」：全对按用时排（复用省级榜逻辑，新范围哨兵）。
- Q6 熟练度分析一并加世界档（让第三套熟练度可见/可重置）。
- Q7 测验分段按钮顺序：世界·省级·市级。
- Q8 构建真实国家邻接（几何相交），顺序档在相邻国间扩张。
- Q9 港澳台若在数据里为分开面：归入中国单位，点击/着色/悬停随中国。
- Q10 国家名：常用简称显示 + 容错匹配（官方全称/后缀剥离/常见别名）。
- Q11 分析侧栏：全部国家逐行、按熟练度降序（未测垫底），格式同省级档。
- Q12 文案口径：沿用现有命名风格（世界/世界榜/…）；精确字符串实现前整清单确认。
- Q13 池外非 193 国面（南极洲等）＝灰色装饰面；台湾/港澳若分开则随中国。
- Q14 建模：国家虚拟 Unit（复用 province.ts 的虚拟单位 pattern + MapQuizMode 全部逻辑）。
- Q15 #granularity-toggle 三粒度并列互切，仅全国视图且未开始时显示。
- Q16 错题档读第三套国家熟练度（同省级错题逻辑）。
- Q17 会话进度持久化可恢复（独立 :world-nation 进度键）。
- Q18/19/20（范围边界、世界测验标签、分析分段按钮顺序）：「停止」，留到下一轮对话再问。
2026-09-04 19:00
子代理核实完毕（5d9abefb）：DataV GeoAtlas 不存在世界数据集（world.json 全 404，仅中国省市区县）。实测候选：Surbowl/JayMuShui world.zh.json（~308KB、简体中文 name+full_name、iso_a3/iso_n3 id、239 面、台湾并入中国含南海诸岛、无单独港澳面、南极洲单独面、索马里兰/北塞浦路斯/锡亚琴冰川为 -99 伪国）；ECharts world.json（1MB 英文 217 面 台湾并入 无 iso id）+ 6.7KB 中文映射；Natural Earth 110m（0.84MB 177 面 自带 NAME_ZH 但台湾单独成面「中华民国」、中国名为全称）；world-atlas TopoJSON（108KB 最小但需解码+全自建中文名）。推荐 Surbowl 冻结入库。
本轮新增决策（Q21-20）：
- Q21 数据源更正：Surbowl world.zh.json 冻结一份拷入 public/data（附来源注释），运行时零网络依赖。
- Q22 出题池＝195：联合国 193 会员国 + 梵蒂冈 + 巴勒斯坦（观察员国）。其余（属地/南极洲/索马里兰/北塞浦路斯/锡亚琴等）＝灰色装饰面不可答。需维护 195 国 iso 白名单表。
- Q18 功能边界：仅 ①输入/点击测验分段加世界 ②熟练度分析加世界档；无尽闯关/自由浏览/留言板/公告/管理员不动。
- Q19 世界测验标签：仅已作答国家显绿/红简称，同省级全国；当前题不显标签、不常显全部国名。
- Q20 分析分段按钮顺序：世界·省级·地级（用词沿用省级/地级）。
⚠ 下一轮：先给用户看「已定决策全集 + 剩余问题」让其确认，再决定是否收官。剩余：完整 i18n 文案清单、白名单表生成方式（iso 清单来源）、数据管线细节（裁剪南极洲/建邻接/生成 world.json+countries.json）、实现方案全文——按用户规则（写码前逐项确认）需逐项过。
2026-09-04 19:00（续）
本轮新增决策：
- Q23 世界数据文件：public/data/world.geojson（裁剪南极洲等非答题面后的全部面，供 registerMap）+ public/data/countries.json（195 答题国元数据：iso/中文名/中心点/邻接/是否可答），与现有 units.json+china_units.geojson 双文件同构；运行时 loadData 多拉两个文件。（脚本落位未定：独立 fetch 脚本 vs 并入 build-data——见 Q29）
- Q24 195 国白名单：iso_a3 静态白名单表（CHN/USA/…，193 会员国+梵蒂冈+巴勒斯坦），硬编码在 fetch 脚本，数据面按 iso_a3 匹配白名单分答题/装饰；iso_a3 为答题 id。
- Q25 世界榜哨兵：新常量 WORLD_NATION_SCOPE = '__world_nation__'，并列 PROVINCE_NATION_SCOPE，进 RoundResult.scopeProvince 与 DB scope_province；后端 whitelist/校验/排行语义按哨兵处理；纯增量无迁移。
- Q26 ⚠改判 Q5：世界榜允许「已答全对即可」提交（correct>0 && wrong=0，同市级全国榜），排序按答对题数降序、同数按用时升序（同市级全国榜语义）——不是省级的「必须全对仅按用时」。前端 canSubmitScore、后端 validateScore/isBetter/upsertSql/orderBy/metaText 需把世界哨兵按「市级全国榜」口径处理（即把世界哨兵当作「可部分提交 + 按答对数优先」；后端 upsert 现按 scope 空/非空二分，世界哨兵非空会错落「仅用时」分支，需显式归类）。195 全对门槛太高是改判原因。
- Q27 国家名：fetch 脚本内建小校正表（iso→答案中文名，只改元数据不改几何）；生成 countries.json 前先打印 195 国名单供人工抽查一轮；邻接用几何相交（turf booleanIntersects，复用 build-data.mjs 做法）。
2026-09-04 19:00（续2）
- Q28 分析世界档交互：缩放+悬停卡（中文名+七档词+对错次数）；双击无动作（不下钻）；重置按钮清空国家熟练度；侧栏标题「世界概览（国家熟练度）」。
- Q29 数据管线：独立 scripts/fetch-world-data.mjs（拉 Surbowl → 裁剪 → iso_a3 白名单分答题/装饰 → turf 建邻接 → 输出 world.geojson + countries.json）；build-data.mjs（中国）不动。
- Q30 世界榜结算文案：结算卡「世界榜按答对题数排名，同数按用时，提交后将重置本局」；栏目标题「世界榜」；行尾 metaText 同市级全国（答对 X · 用时）。
- Q31 世界名匹配：独立 src/worldNames.ts + 小词表（后缀剥离：共和国/联邦/王国/公国/合众国/酋长国/苏丹国…；别名表：美国/英国/俄罗斯/荷兰…）；不碰现有中国 matcher/normalize-rules。
- Q32 世界熟练度存储：store.ts 第三分区 WORLD_MEM_KEY='china-admin-world-memory-v1' + getWorldPractice/recordWorldAnswer/resetWorldPractice（镜像省级）。
- Q33 世界进度键：mapQuizMode.storageKey() 加 :world-nation 后缀分支；会话可刷新/切模式恢复。
- Q34 点击世界判题：命中答题国→按当前题判对错；命中装饰面→忽略无声；未开始点击国家无下钻（无动作/仅缩放）。
- Q35 分析世界图标签：不常显全部国名；靠着色+悬停卡读档位；高倍率按需出名字（同地级档阈值行为）；侧栏逐行全列。
- Q36 点击世界辅助：无悬停提示（tooltip 关），同省级全国；题目顶栏显国家名；已答对国家显绿名标签；答错红标+题卡显正确答案。
已核实代码落点（补充）：analysis.ts 的 getAnalysisGranularity/setAnalysisGranularity/refresh/onUnitDblClick/onBackToNation；statsPanel refresh/refreshProvinceLevel/renderLevelList；leaderboardPanel metaText（scopeProvince===null→nationMeta「{correct} 个 · {time}」）；score.ts upsertSql 空/非空二分；leaderboard.ts orderBy（scope===''→correct desc 否则 time）；validate.ts isBetter（null→correct+time；非空→time）；rows.ts toLeaderboardEntry（''→null）；scoreRules canSubmitScore（null→correct>0&&wrong=0；非空→全对）。
⚠ Q26 语义结论＝市级全国榜口径：世界哨兵需令 scoreRules/validate/isBetter/upsert/orderBy/metaText 全按「可部分提交+按答对数优先+同数按用时」处理；后端 upsertSql 与 leaderboard orderBy 现按 scope 空串二分，需为世界哨兵显式加正确数优先分支（省级哨兵保持仅用时）。
⚠ 未决：无设计问题待问。收官步骤：①给用户完整 i18n 文案清单；②数据管线/实现方案全文；③让用户逐项确认后才开始写代码（用户规则）。另 GitHub push 曾网络超时失败需重试；messages.json 为 UTF-8（read 正常，PowerShell 直读乱码勿用）。
⚠ 未决（下轮）：Q28 分析世界档交互（双击国家/悬停/重置/标题）；Q29 数据管线脚本落位（独立 fetch-world-data.mjs 建议：中国管线不动）；Q30 世界榜完整语义与结算文案（Q26 改判后的 correct-first+time、metaText「答对·用时」、settlementNoteWorld）；Q31 题面/匹配别名来源与 normalize 边界（世界别名表位置、俄罗斯联邦→俄罗斯 等后缀剥离与中国的差异）；收官前需给用户完整 i18n 文案清单 + 实现方案全文 + 195 国名单过目。
代码影响全景已由子代理审计（见会话记录）：Granularity 类型、storageKey 后缀、validate.ts scope 白名单、renderer 地图注册/currentMapName、store 第三分区、i18n 字符串等全链路文件:行号清单已就绪。
2026-09-09（地图拖动卡顿优化）
问题：世界地图拖动丝滑、中国地级/省级地图卡（地级 p95=100ms，掉帧 15~24/次拖动；省级 p95=50ms 轻微；世界 0 掉帧）。根因=几何复杂度数量级差异：地级 china_units.geojson 126,228 点（世界的 11 倍），省级 24,313 点；canvas 每帧重绘全部 region 且 zrender culling 默认关（放大/下钻也付全量成本）。
已定决策（grill-with-docs 逐项确认）：
- Q1 优化范围：地级 + 省级两张全国视图；世界不动。
- Q2 精度档位：tolerance 0.012（点 -58%，面积保真 99.98%）。
- Q3 手段方向：数据重建（GeoJSON 加大简化容差），不做渲染 hack、不做双档。
- Q4 放大/下钻：先不管全国视图；数据降档自动受益，实测仍卡再议第二层（culling/双档）。
- Q5 数据落地：离线简化现有成品（不联网、不动上游 DataV）。
- Q6 验收：同一 probe-drag-perf.mjs 复测（掉帧减半且 p95 明显下降）+ 高细节边界前后对比截图 + 真机手感拍板。
- Q7 单一事实源：同步改 build-data.mjs 默认容差 0.003→0.012 + 更新 DESIGN.md §14.7。
- Q8 回退：原成品备份 .precise.bak，可一键还原；check-data.mjs 校验通过才提交。
离线容差扫描（对现有成品，safeSimplify 同款逻辑）：地级 tol0.008=73,832点(-42%) / tol0.012=53,075点(-58%,1.22MB) / tol0.02=33,145点(-74%,0.78MB)；省级 tol0.012=18,619点(-23%)。面积保真均≥99.98%。

2026-09-09（换源根治地图缝隙：DataV → cn-atlas）
问题：用户发现相邻地级市之间有缝隙 → 相邻两面边界不是同一条线。量化根因（共享顶点分析，1794 对相邻边）：DataV 原始 586/1794 零共享（32.7%，平均共享 42）；逐面容差简化后 654/1794 零共享（36.5%，平均共享降到 5.7）——源数据本身逐面数字化不共享边，逐面 Douglas-Peucker 又把残余共享顶点拆开，双重恶化。
候选源实测：cn-atlas（github.com/BarbarossaWang/cn-atlas，shengshixian.com 2023 shp → mapshaper 简化 → TopoJSON，共享弧模型）：prefectures 372 面 / provinces 34 面；adcode 命中现有口径 370/371（仅缺南海装饰面 100000_JD，多出 659011 新星市/659012 白杨市）；相邻边 2/1794 零共享（0.1%，仅上海↔舟山海上飞地），平均共享 83.7。
已定决策（逐项确认）：
- Q1 换源方向：用 cn-atlas 替换现有 DataV 几何（省级 + 地级都换，避免省界粗线与地级面错位）。
- Q2 存储格式：TopoJSON 源 + 运行时 topojson-client 转换（ECharts 不吃 TopoJSON，已核实 echarts/lib/coord/geo 无 arcs 解析）。
- Q3 简化方式：mapshaper 拓扑保持简化（`-simplify visvalingam keep-shapes`），共享弧只简化一次 → 永不产生缝隙；**禁止**再用 @turf/simplify 逐面简化（正是缝隙加重原因）。
- Q4 双档保留：fine `keep-shapes 15%`（zoom ≥ 10 / 钻省）+ coarse `keep-shapes 8%`（zoom < 10），档位机制与上轮一致。
- Q5 港澳台口径：保持现有整体单位（cn-atlas 天然就是 710000/810000/820000 整体，无需归并）。
- Q6 南海诸岛：保留现有 DataV 装饰面（cn-atlas 无此面），进核心拓扑组一并简化。
- Q7 县级装饰面（30 个：海南/湖北/新疆省直辖县级与兵团城市、济源等）：cn-atlas 只有地级粒度，从 DataV 单独保留为 `china_decorative.geojson`，运行时拼接、不参与拓扑简化与邻接（其周边可能有局部缝，可接受）。
- Q8 邻接/中心点：用新几何重建（turf booleanIntersects + bbox 预过滤；中心点取最大面质心，质心出界则回退 bbox 中心/环上点）。
实测结果：
- 简化落点（相对 cn-atlas 原始展开 173,282 顶点）：fine 15% → 27,368 顶点（≈15.8%）；coarse 8% → 15,725 顶点（≈9.1%）；省级 15% → 10,548 顶点。文件：china_units.json 188KB / china_units_coarse.json 129KB / china_provinces.geojson 406KB / china_decorative.geojson 21KB。
- 缝隙闭环验证（运行时转换后的 GeoJSON，1790 对相邻边）：**0 零共享（0%）**，平均共享 14.2；feature 数 371 与 units.json 完全匹配。
- 拖动帧率（headless Edge，probe-tier）：coarse p95=16.7ms 掉帧 0；fine p95=16.7ms 掉帧 0；zoom 1→25.5→0.8 双档切换正确（较上轮 DataV 双档 p95=33ms 再降一半）。
- 数据校验（check-data.mjs）：371/371 覆盖、0 无效几何、无问题。
- 无邻接单位 7 个（舟山/海口/三亚/三沙/儋州/台湾/澳门）与旧数据完全一致（地理事实：被省直辖县级面隔开或为岛屿）。
- Q9 管线落位：新增 `scripts/fetch-cn-atlas.mjs`（`npm run build:data` 指向它）；删除 `scripts/simplify-data.mjs`（逐面简化＝缝隙根因，且产物已无消费方）；`scripts/build-data.mjs` 保留但标注弃用（units.json 元数据的历史生成参考）。
- Q10 依赖：topojson-client 进 dependencies（运行时）；mapshaper + @types/topojson-client 进 devDependencies（仅构建期）。



## 2026-09-09（地级/省级再简化 + 大洲范围：ultra 档根治缝隙 + 六洲下钻）

### 任务 A：zoom < 5 再大幅简化（地级 + 省级）
- Q1 档位划分：地级改为**三档** —— fine(15%) zoom ≥ 10 或已钻省；coarse(8%) 5 ≤ zoom < 10；**ultra(4%) zoom < 5**。省级改**两档** —— fine(15%) / **coarse(4%，zoom < 5 的省界粗线)**。阈值常量 `ULTRA_ZOOM_MAX = 5`、`COARSE_ZOOM_MAX = 10`。
- Q2 缝隙复发与根因：coarse/ultra 档出现徐州(320300)↔淮北(340600) 缝隙 0.135°/0.139°（zoom 5 下约 12px）。定位：淮北是含 2 环的 MultiPolygon，其中环 0 仅 0.003885°²（≈39.7km²）的飞地小环在激进简化下被删除 → 淮北弧数从 6 降到 4 → 与徐州的共享弧消失。**mapshaper 的 `keep-shapes` 只保护「整个 feature 不消失」，不保护 MultiPolygon 内部的孤立小环**。
- Q3 排除的方案：`-clean`（简化前/后）无效；`dp keep-shapes 4%` 仍缝 0.106°；单独 `-explode` 不做合并会让 326/1790 对失去共享（feature 丢了 adcode 归并）。
- Q4 采用的方案：管线改为 **`-explode`（MultiPolygon → 独立 Polygon）→ `-simplify visvalingam keep-shapes N%` → 按 adcode 合并回 MultiPolygon**。小环成为独立 feature 后受 keep-shapes 保护。实测：8% → 17,503 顶点 0 零共享；4% → 10,925 顶点 0 零共享。
- Q5 ECharts 侧约束：`parseGeoJson` 对每个 feature 单独建 `GeoJSONRegion` 且**不合并同名 feature**（已读 echarts/lib/coord/geo/parseGeoJson.js:113-145 确认），故 explode 后**必须**按 adcode 合并回 MultiPolygon，否则同一地级市只有一块面被着色/命中。
- Q6 内置闸门：管线输出前把三档各自展开成 GeoJSON，校验「真实相邻单位必须共享 ≥1 顶点」，零共享即 `exit 1` 拒绝输出（防止未来回归）。
- Q7 邻接数据副作用：explode 后几何更精确，turf 相交判定多识别出「珠海↔澳门」相邻（旧数据因几何不精确漏判）。相邻对数 1790 → 1792，无邻接单位由 7 个变为 6 个（澳门不再孤立）。判定为**修正**而非破坏，采纳。
- 实测落点（顶点数为展开后）：fine 27,368（207KB）/ coarse 17,503（151KB）/ ultra 10,925（117KB）；省级 fine 10,548（466KB）/ coarse 4%（192KB）。三档零共享均为 **0/1792 ✅**。
- 运行时验证（probe-tiers.mjs，headless Edge 真实渲染）：zoom 3/4.9 → china-ultra；zoom 7 → china-coarse；zoom 10/20 → china；省级 zoom 3 → china-provinces-coarse；省级 zoom 8 → china-provinces。15/15 通过。

### 任务 B：世界粒度大洲范围（六洲，不含南极洲）
- Q8 交互：世界粒度下在「世界/省级/市级」按钮**下方**再出一行分段按钮「全世界 | 亚洲 | 欧洲 | 非洲 | 北美 | 南美 | 大洋洲」（`#continent-toggle`，`flex-basis: 100%` 独占一行）。仅世界粒度、未开始测试时显示。
- Q9 大洲归属：由 `fetch-world-data.mjs` 的静态 `CONTINENT_OF`（iso_a3 → 大洲）写入 `countries.json` 的 `continent` 字段，不引入额外几何数据。跨洲口径：俄罗斯/土耳其/塞浦路斯 → 欧洲；格鲁吉亚/亚美尼亚/阿塞拜疆/哈萨克斯坦 → 亚洲；埃及 → 非洲；巴拿马 → 北美。分布 **AF 54 / AS 46 / EU 46 / NA 23 / SA 12 / OC 14 = 195**（映射覆盖 195/195，无重复无遗漏，已脚本校验）。
- Q10 三种进入方式：① 点洲按钮；② 未开始测试时点某国 → 下钻其所属大洲（`drillFromWorldNation`，点击/输入模式都支持）；③ 已开始测试时点国家 → 正常判题（国家是世界的原子单位，不再下钻）。
- Q11 视图表现：选洲后**出题范围缩到该洲**（`worldScopedPool`），地图**只渲染该洲面**（其他洲隐藏，`worldFeatureVisible` 同时过滤 region / 事件数据 / 标签），并**聚焦该洲**。
- Q12 聚焦框的取舍：**手工标定** `CONTINENT_VIEWS`，不按成员国 bbox 自动算。两轮尝试失败后确认：跨经线 180° 的海外领地（俄楚科奇、美阿留申、法属波利尼西亚、新西兰查塔姆）让自动 bbox 撑成 360°；更根本的是俄罗斯按国际惯例归欧洲但主体横跨 20°E–180°E，「包含全部成员」必然把欧洲拉宽到 200°+（实测欧洲被聚焦成 zoom 0.88 的全球视野）。相机取景属 UI 决策，标定值确定可测；框外领地仍可拖动到达（roam 已开）。标定后：AS z2.62 / EU z3.73 / AF z4.40 / NA z2.73 / SA z6.60 / OC z4.66。
- Q13 排行榜与熟练度：大洲用**独立榜哨兵** `__continent_<ID>__`（榜名如「亚洲榜」），但**熟练度与世界数据集共享**（已答国家在全世界/大洲两种范围下都是绿色，`scoreOf` 对两者都走 `getWorldPractice`）。进度持久化也用独立键（`…:world-continent-AS`），与全世界 `…:world-nation` 互不干扰。
- Q14 前后端一致性：`src/province.ts` 新增 `continentScope` / `continentFromScope` / `isNationLikeScope`；后端 `functions/_lib/validate.ts` 新增 `isContinentScope`，`score.ts` 的 upsert 排序分支与 `leaderboard.ts` 的 orderBy 都把大洲归入「全国语义」（答对题数优先、允许未答完但必须全对）；`scoreRules.ts`、`leaderboardPanel.ts`、`chromeSync.ts` 同步。
- 运行时验证（probe-continent-ui.mjs，真实 UI 点击）：12/12 通过 —— 洲按钮显隐正确、7 个按钮、选中态同步、非洲 54 面 / 大洋洲 14 面 / 亚洲 46 面 / 全世界 239 面、切洲后相机聚焦。
- 测试与构建：tsc 0 错误；vitest **14 文件 / 112 测试全通过**（新增 9 个：大洲哨兵往返与非法值、isNationLikeScope、CONTINENTS 元数据、大洲提交资格、后端白名单放行与非法值拒绝）；check-data.mjs 无问题（371/371 覆盖、0 无效几何）。

## 2026-09-09（修复：跨档缩放地图微移 + 洲按钮布局）

### 问题 1：缩放经过 5x/10x 时地图小幅移动、鼠标所指位置偏移
- 根因（实测确认）：ECharts 默认按**当前注册地图的几何 bbox** 自动适配投影范围，而各简化档的 bbox 并不严格相同 —— ultra 档与省级粗档把南海诸岛最南端简化掉，纬度下界从 3.3974 变成 3.5349（高度少 0.1375°，约 15km）。bbox 一变，投影比例与居中偏移就变，于是跨 5x/10x 换档时整幅地图微移。
- 量化（对照实验）：以「(像素 − 中心) / zoom」为判据（换档不移动 ⟺ 投影比例与档位无关），禁用修复时 **coarse↔ultra 偏移 0.92 → zoom 15 下约 13.8px**，省级两档同样 13.8px；修复后降至 **0.0002（约 0.003px）**。注意 fine↔coarse 因 bbox 恰好相同本来就无偏移（0.001px），问题只在 ultra 档与省级粗档 —— 与 bbox 测量完全吻合。
- 修法：用 `geo.boundingCoords` 把投影范围钉死为常量 `MAP_PROJECTION_BBOX`（中国族 [73.5,3.4]–[135.1,53.6]，世界 [-180,-90]–[180,83.6]，取各档数据实际并集，保证默认视野与钉死前一致）。中国族各档与中国/世界两族共用同一投影。
- 方法论教训：第一版探针直接比较不同 zoom 下的像素坐标，得出 5/9 失败的**假信号** —— 不同 zoom 的像素本来就该不同。正确判据是"投影比例"（像素对 zoom 归一化后）在三档下恒定。

### 问题 2/3：洲按钮占满屏宽 + 顺序/重置被挤到第三行
- 根因：上一版对 `#continent-toggle` 用了 `flex-basis: 100%`，它同时做了两件事 —— 占满整行宽度（拉伸到屏宽）、并把后续元素挤到下一行。`#continent-toggle` 当时位于 `#granularity-toggle` 与顺序按钮**之间**，于是顺序/重置被推到第三行。
- 修法：把洲按钮移到 `#mode-actions` **末尾**，并新增零高度换行占位 `#continent-break`（`flex-basis:100%; width:100%; height:0`）负责折行。洲按钮本身宽度回归内容宽度，顺序/重置回到第一行与「世界/省级/市级」同行。占位元素随洲按钮一同显隐，否则非世界粒度时会凭空多一个空行。
- 实测（1280×900，probe-layout 11/11 通过）：粒度行 x=16 y=76 w=173；随机/错题 x=199 y=76；重置 x=325 y≈78；洲按钮 x=16 y=133 **w=336**（远小于视口 1280，不再占满屏）。
- 判定同一 flex 行需用「垂直中心接近（≤3px）+ 垂直区间重叠」，不能用 y 严格相等：分段按钮与 `.mode-action` 的边框/padding 不同会带来约 2px 垂直居中差异（那是基线差异，换行间距是行高量级约 57px）。

## 2026-09-09（修复：缩放跨 5x/10x 仍有左右偏移 —— 换档 center 滞后）

### 现象
上一轮 boundingCoords 修掉了「上下（纬度）」方向的 bbox 差异偏移（13.8px → 0.003px），但用户反馈跨 5x/10x 时**左右**方向仍小幅异动十几像素。

### 根因（第二个独立 bug）
- ECharts 滚轮/捏合缩放以**鼠标为锚点**（originX/originY），缩放时 geo 中心会**隐式移动**（锚点缩放）。
- 但 zoom 事件的 payload 只含 `zoom`/`totalZoom`，**不含 center**（`MapDraw.js` 的 zoom dispatch：仅 `{totalZoom, zoom, originX, originY}`；pan 才是 `{dx, dy}`）。
- 我们的 georoam 处理器只靠 `params.center` 同步，而 zoom 事件没这字段 → `this.center` 在缩放期间**停留在旧值**。
- 跨 5x/10x 换档时 `render()` 用这个旧 center 重建 geo（`replaceMerge`）→ 地图跳到旧中心，朝缩放锚点方向偏移十几像素。

### 定位过程（方法论）
- 第一版探针直接比较不同 zoom 的像素 → 假信号（zoom 变了像素本就该变）。
- 第二版探针（probe-wheel-shift）用 `dispatchAction geoRoam` 跨档，测「render 前后北京像素漂移」→ 0px，**未复现**，因为手动设 center 绕过了真实缩放路径。
- 第三版探针（probe-wheel2）用 CDP 真实 mouseWheel，逐帧对比 `renderer.center(rc)` 与 `geo.getCenter()(gc)` → 发现 **rc 落后 gc，mismatch 最高 7.5**（t2-t4 rc 卡在旧值）→ 锁定根因。
- 换档跳变的正判据：锚点缩放保证「锚点下的地理点钉在锚点」，换档后测该点像素必须仍≈锚点（probe-anchor2 / probe-anchor 锚点误差 0px）。之前用「北京像素步进」判据是错的（北京远离锚点，锚点缩放时本来就会大步移动，几百 px 是正常行为非换档跳变）。

### 修法
georoam 处理器不再依赖 payload 里的 center，改为从 geo 坐标系读 ECharts 已更新好的**权威** `getCenter()`/`getZoom()`。georoam 事件在 `geoRoam` action 处理完（`updateCenterAndZoom` 已写回 geo center）之后才触发，故此刻读到的必为最新值。

### 关键坑
- `chart.getCoordinateSystems()[0]` 返回的 geo 对象**可能滞后**（实测 mismatch 非零回潮），必须用 `getModel().getComponent('geo').coordinateSystem`。
- TS 下 `getModel` 是 private（echarts.js 注释明确「We don't want developers to use getModel directly」，但运行时公开），需 `as unknown as { getModel: ... }` 强转。
- `getCenter()` 无 projection 时返回的就是 lng/lat 数据坐标，与 `this.center` 语义一致。

### 验证
- probe-pan（pan 50/30、-80/45、zoom 1.3@800,300、混合）：mismatch 恒 0.0000。
- probe-wheel2（真实滚轮逐帧）：修复前 mismatch 最高 7.5，修复后恒 0。
- probe-anchor2（直接跨 5x/10x 边界）：锚点误差 0px。
- tsc 0、vitest 112、build 通过、check-data 无问题。

## 2026-09-09（新需求：港澳无压缩放大框 + 档位重划 10/2 + 取消拖动钳制）
### 需求（三点）
1. 港澳小地图**始终**显示最精细地图（不进行任何简化）。
2. 档位重划：zoom ≥ 10 → 无压缩最精细；~6x → 次精细；< 2 → 最简略。
3. 取消拖动地图四周边界限制，允许随意移动。

### 决策（用户确认）
- 三档：**raw(无压缩) ≥10 / fine(次精细) 2~10 / ultra(最简略) <2**；原 coarse 8% 弃用（保留注册兼容）。
- 无压缩档数据源 = cn-atlas 原始几何（不 mapshaper 简化），**异步加载**：首屏用 fine 渲染，后台拉取 raw，放大到 ≥10 自动切换（失败静默回退 fine）。

### 实现
- 管线 `fetch-cn-atlas.mjs`：新增 raw 档（未 explode，直接 coreGjFile → topojson）产出 `china_units_raw.json`（889KB，341 面，展开约 16.9 万顶点）；新增 `hkmac.geojson`（从省级无压缩几何抽 440000/810000/820000 三面，125KB，同步加载）。
- `data.ts`：`loadData()` 增加 `rawGeoJson: null`（占位）+ `hkmacGeoJson` 同步加载；新增 `loadRawGeoJson()` 异步加载 raw。
- `main.ts`：boot 后 `void loadRawGeoJson().then(app.setRawGeoJson)`。
- `renderer.ts`：常量 `RAW_ZOOM_MIN=10`、`ULTRA_ZOOM_MAX=2`（原 5）、`PROVINCE_COARSE_ZOOM_MAX=5`（省级档不变）；`chinaTierMapName()` 三档 raw/fine/ultra；新增 `rawReady` + `setRawGeoJson()`；港澳放大框数据源改 `data.hkmacGeoJson`。
- **取消拖动钳制**：删除 `schedulePanClamp`/`clampPan`/`panClampRaf`/`PAN_MARGIN`/`MAP_BBOX` 及 georoam 里的钳制调用与 dispose 清理。

### 验证（probe-tiers2，11/11 通过）
- 地级档：zoom 1.5→ultra、2→fine、6→fine、9.9→fine、10→raw、20→raw ✅；省级档 zoom 3→粗档、8→细档 ✅（阈值 5 不变）。
- 港澳放大框无压缩：香港 283 顶点 vs fine 71、广东 2934 vs 553 ✅。
- 取消钳制：拖动(1200,600) 后中心移动 127.65°，可自由拖动 ✅。
- tsc 0、vitest 112/112、build 通过、check-data 无问题（raw/hkmac 均校验）。

## 2026-09-09（追加：省级边界档位 + Cloudflare 部署核查）
### 需求
省级边界：10x 以下始终用次精细档，10x 以上用无损版。

### 实现
- 管线新增省级无损档 `china_provinces_raw.json`：无压缩省级几何转 TopoJSON 共享弧压缩（2632KB GeoJSON → **396KB**），体积小于现有 fine GeoJSON（466KB），故**同步加载**（无需像地级 raw 那样异步）。
- `PROVINCE_COARSE_ZOOM_MAX`(5) 删除，省级统一以 `RAW_ZOOM_MIN`(10) 为界：
  - `provinceTierMapName()`：zoom ≥ 10 → `china-provinces-raw`，否则 `china-provinces`（次精细）
  - `activeProvinceLines()`：zoom ≥ 10 → `provinceLinesRaw`，否则 `provinceLinesFine`
  - `provinceLinesCoarse` 字段删除，coarse 4% 弃用（保留文件与注册避免旧缓存引用）
- `types.ts`/`data.ts` 新增 `provincesRawGeoJson`（TopoJSON → GeoJSON，专用 `provRawTopoToGeoJson` 不拼装饰面）。

### 验证（probe-tiers2，18/18 通过）
- 省级档：zoom 3→次精细、9.9→次精细、10→无损、20→无损 ✅
- 省界折线：zoom 9.9 用 fine（顶点 12086）、zoom 10 用 raw（顶点 **68879**）✅；地级视图 zoom 6→fine、12→raw ✅
- 地级档、港澳无压缩、自由拖动回归全部仍通过。
- tsc 0、vitest 112/112、check-data 无问题（含省级无损档校验）。

### Cloudflare 部署核查（用户问"为何没触发部署"）
- 结论：**部署实际已正常触发**。`mapmemorizing` 项目（Git Provider=Yes，域名 mapmemorizing.pages.dev / mapmemory.cn）最新 Production 部署 `9ba2a48d` 的 Source 正是本次提交 `caf30a8`，且线上 `data/china_units_raw.json`、`data/hkmac.geojson` 均返回 200。
- 易混淆点：`wrangler.toml` 的 `name = "china-admin-memory"`，而账户下存在同名旧项目 `china-admin-memory.pages.dev`（**Git Provider=No**，一周未更新）——真正的线上项目是 `mapmemorizing`。另有 `origin` remote 指向 Gitee（落后 4 个提交），Cloudflare 集成的应是 GitHub `github/main`。

## 2026-09-09（用户改变方向：不压缩，改为只渲染当前视角范围）

需求原文：「先等一下，先不压缩，能不能当地图放大时，只渲染当前视角范围，这样增加流畅度」。
即**撤销上一轮的「压缩到三分之一」计划**，改用视口裁剪 —— 保留 100% 顶点精度，只绘制可见部分。

### 测量（先验证再改代码，1600×1000，中心广州，标签开）
- 噪声地板 0.32ms；跨轮绝对值漂移可达 2x，故最终结论采用**多轮交错取各配置最小值**（漂移对所有配置同等作用）。
- 逐档隔离成本（每帧拖动）：省界无损(69k 顶点) ≈ 12–13ms、省界次精细(12k) ≈ 2.3–2.7ms、地级无损(169k→展开) ≈ 10.6ms、标签 ≈ 5.4ms → **瓶颈是省界线，不是地级面**。
- 把省界线整个删掉，无损档每帧仍有 15.9ms ⇒ **开销 ∝ 顶点数，与可见面积无关**（这正是用户直觉需要被验证的地方）。

### 决定性机制（读 zrender 源码确认）
- `zrender/lib/Storage.js` 的 `_updateAndAddDisplayable` 在 `el.ignore === true` 时**第 52 行提前 return**，位于 `el.update()`（即 `buildPath`）**之前** ⇒ 给整棵子树设 `ignore` 可跳过路径构建与绘制，代价 O(1)，且**不需要 `setOption`** ⇒ 无重建卡顿。
- ECharts 自带的 `culling: true`（`MapDraw.js`）只在 `shouldBePainted()` 里跳过绘制，`buildPath` 照跑 ⇒ 对顶点密集的省界无效，必须用 `ignore`。
- 访问路径：`getViewOfComponentModel(geoModel)._mapDraw._regionsGroupByName`（HashMap，`.each()`），兜底为受限递归扫描；面用 `cs.getRegion(name).getBoundingRect()`（内部缓存 `_rect`），线用 `data.getItemGraphicEl(i).ignore`。
- 视口换算：`cs.pointToData()` 取画布四角 → 数据坐标 bbox（投影被 `boundingCoords` 钉死后为线性映射，四角即覆盖全视口）。

### 交错实测（4 轮取 min）
| 配置 | zoom10 | zoom12 | zoom16 |
|---|---|---|---|
| 无损 + 裁剪 | **6.8** | **13.2** | **11.3** |
| 无损 无裁剪 | 15.8 | 28.2 | 27.7 |
| 压缩33% + 省界无损（改前线上） | 17.2 | 34.6 | 35.8 |
| 压缩33% + 省界细档 + 裁剪（理论上限） | 5.1 | 9.1 | 8.3 |

⇒ **裁剪让无压缩的无损档比改前的线上方案快 2.5–3.2 倍**，且精度零损失；裁剪收益本身即 2.1–2.5x。

### 被否决的方案（都实测过）
- **省界分块裁剪**（把大环切成 16/32/64/128 点的小段再按段裁剪）：块数暴增（4547 块）反使每帧更慢（10.6–22.3ms）；且 size=16 时 ECharts `lines` 系列元素数被截断（4547 块只有 400 个拿到图形元素，其余无元素）⇒ 该配置「画 0 顶点」的 5.2ms 是**假胜**，已剔除。
- **只裁省界不裁面**：21.9ms，跑不赢简单降档 ⇒ 必须面+线同裁。
- **子集 remap（P2，用 `registerMap` 只注册可见子集）**：刷新一次 63.8ms 且会闪，而 `ignore` 刷新仅 1.2ms + 0.1ms ⇒ 选 `ignore`。

### 实现
- 新增 `src/map/cull.ts`：`cullToViewport()`（面+线）、`boxOfCoords()`、`CULL_MARGIN = 1.5`。
- `renderer.ts`：`lineBoxes` 字段（构建 `buildLineData()` 时算一次逐元素 bbox）；调用点 = `render()` 末尾（replaceMerge 会重建 region 组、清掉 ignore）、`georoam`（视口移动）、`applyMapCamera()` 与跟随动画每帧、`drill()`、`backToNational()`（这些直接写相机、不触发 georoam）。
- 命名统一：地级最精细档由「detailed 33%」改为「**lossless 100%**」——字段 `losslessGeoJson`、地图名 `china-lossless`、常量 `LOSSLESS_ZOOM_MIN`、文件 `china_units_lossless.json`（旧 `china_units_raw.json` 删除）。
- 管线移除了地级无损档的 `-simplify`（不加任何简化），并修正了上一轮写入的、来自错误探针的 5.3ms 注释（真实值见上表）。

### 验证
- 集成验证（不注入任何函数，走线上 `render()`/`georoam` 真实路径）：`render()` 后裁剪自动生效；拖动 80 次后仍正确跟随（面忽略 262/371、线忽略 443/496）。
- **边界情形 9/9 通过**（高亮 / 换档 / 省级 / 世界 / 下钻 / 返回全国 / resize / 换主题 / 露底复查）。过程中查出并修掉**两个真实 bug**：
  1. `flash()` 走 `setOption({geo:{regions}})` 会重建 MapDraw 的 region 组 → **清掉全部 ignore 标记（实测 290 → 0）**，即每次高亮都会让整幅地图重新参与构建与绘制，裁剪收益丢失。修法：该 setOption 后紧跟一次 `cullToViewport()`。
  2. `resize()` 改了画布尺寸却没重算裁剪 → 视口覆盖范围变化后裁剪标记全丢（0/371）。修法：`resize()` 末尾补 `cullToViewport()`。
  两处都不是「裁剪不生效」而是「裁剪被后续操作清掉后未重算」，靠逐项边界用例才发现；仅测「拖动流畅度」不会暴露。
- **像素级露底检测（9/9，差异恒为 0）**：对每个场景逐像素比对「裁剪渲染」与「同一状态放开裁剪的全量渲染」，可见区域必须完全一致。9 个场景（全国 z1 / 珠三角 z6 / 广州 z12 / 广州 z22 / 乌鲁木齐 z12 / 哈尔滨 z12 / 拉萨 z12 / 最南端 z12 / 省级 z4）差异像素**均为 0**，而被裁面数从 0 到 369/371 不等（即裁剪确实在起作用）。
  - **阳性对照**（防止「0 差异」本身就是探针失效）：故意强行裁掉 1 个视口内的可见面 → 探针报出 **15560 个差异像素**；重新裁剪后差异回到 0。证明该比对确实能感知误裁。
  - 初版探针有两个自身缺陷，已修正：① 用 `getRenderedCanvas` 数非背景像素时，四角取到的「背景色」实为地图填充色 → 读数饱和成 376000，改为与画布(2,2)像素比对；② 设 `r.center/r.zoom` 后调 `render()` 在**地图名未变**时不会写回相机（`render` 只在 `mapChanged` 时 `setOption` camera）→ 五组不同 center 得到完全相同的裁剪数 290/371，实为相机根本没动。修正为显式 `setOption` 写相机，并加相机校验（不匹配即判该用例无效）。
- 每帧成本（线上路径）：无损+裁剪 zoom12 min 12.60ms；对比无损无裁剪再叠加约 2x。
- tsc 0、vitest 112/112、build 通过、check-data 无问题（含地级无损档校验）、缝隙闸门四档零共享均为 0。

## 2026-09-10（缝合修正：-snap 不够，必须加 -clean；并推翻上一轮的「已无缝」结论）

### 用户需求
「用 snap interval=0.01，把新疆、湖北那几个非地级市也要全部包含进去。海南的剩下四个地级市跟着同源。」
（问询后用户选择「保留 cn-atlas 高精度」→ 海南 460100/460200/460300/460400 不换源。）

### 关键发现：上一轮的「0 缝隙」是**度量错误**，不是真的无缝
上一轮用「相邻单位是否共享 ≥1 顶点」判缝隙。这个判据有两个盲区：
1. **共点 ≠ 共边**。`-snap` 只合并本来就靠得近的**既有顶点**，**不会把顶点插入对方的边里**。
   铁证：晋城市(257 顶点) ↔ 济源市(23 顶点)，只 snap 后有 **8 个精确重合顶点，但共享边 0 条** ——
   两个重合顶点之间两条折线各走各的，渲染时中间照旧透出背景色。
2. **装饰面的 `neighbors` 恒为空**（并入拓扑前），旧闸门遍历的是 `units.json` 的邻接表，
   于是 30 个装饰面从未被检查过 —— 全国 42 处缝隙长期漏检。

正确的判据是**共享 arc**（拓扑上是否真的共用同一条弧），而非共享顶点。
实测（跨源相邻对 = 核心面↔装饰面）：
- 只 `-snap interval=0.01`：**16/41 共享 arc（39%）** —— 大部分跨源接缝仍未共用边界；
- 同源相邻对（cn-atlas 内部）：896/899（99.7%）—— 说明判据本身没问题，是跨源没修好。

### 解法：`-clean gap-width=auto`
`-clean` 内部走 `snapAndCut`（求交 → 在交点处切开弧段），这正是共享弧的来源。
管线改为 `-snap interval=0.01 -clean gap-width=auto`。实测：跨源 **41/41（100%）**、同源 **896/896（100%）**，四档全 100%。

### 几何代价（实测，相对只 snap）
- 顶点 154447 → 155061（**+0.4%**）；总面积 **−0.0013%**；平均位移 72m；
- 面积变化 >0.1% 的面 43/371，**全部是 30 个装饰面**；核心面最大仅 **1.56%**。
- 装饰面最大 27%（双河市 39→99 顶点）**不是失真**：实测装饰面与 cn-atlas 邻居本就**互相重叠**
  （41 对中 40 对重叠 0.2%~27%，用 `area(A)+area(B)-area(A∪B)` 量出），clean 把重叠区判给一方属预期。
- 副作用：缝合后文件**变小**（fine 228→210KB、coarse 177→159KB、ultra 146→129KB、lossless 845→821KB）。

### 闸门自身的 bug（修掉一个假阳性）
新几何闸门一度报「三亚市(460200) ↔ 五指山市(469001) 0.57km 缝隙」。查明是**假阳性**：
二者**并不接壤**（中间隔着保亭/乐东，`units.json` 里二者互不为邻居），边界最小间距 1.10km，
只是各有一个**角点**相距 0.57km。旧判据「任意两顶点距离 ≤1km 即相邻」把角点相接当成了沿边界相邻。
改为「至少 3 个顶点落在对方**边界**（点到线段，非点到点）1km 内」：真实相邻会让一整段边界贴近
（几十个近邻顶点），角点相接只产生 1~2 个。

**并验证这个修改没有削弱闸门**（否则就是「为了让结果通过而放宽标准」）：
- 阴性对照：当前数据 965 对相邻、0 误报 ✅；
- 阳性对照：把济源市平移 1km/2km/6km → 全部抓到；缩小到 98%/95%/90% → 全部抓到；
- **召回对照**：把旧数据（装饰面独立文件）喂给新闸门 → **准确报出全部 42 处旧缝隙** ✅。

### 独立复核（不复用管线代码的度量）
`ver-min-dist.mjs`：算「A 顶点→B 边界」与「B 顶点→A 边界」的最小距离（点到线段，无容差）。
自检：合成共边=0m、合成分离 934m（期望 964m）、合成重叠=0m、北京↔天津=0m ✅。
结果（跨源界面最宽缝）：
| 档位 | 旧数据 | 新数据 |
|---|---|---|
| lossless | 90m | **0m** |
| fine | 236m | **0m** |
| coarse | 351m | **0m** |
| ultra | 425m | **0m** |

### 走过的弯路（方法论，值得记住）
本轮为验证「是否真的无缝」先后写了 6 个探针，**前 5 个的结论都是错的**，逐个被自己的对照组推翻：
1. **共享顶点计数** —— 共点≠共边（见上）；且装饰面 neighbors 恒空导致漏检。
2. **错开边界长度** —— 把「共线但顶点疏密不同」（如仙桃↔天门沿同一条线，只是一边中间多一个顶点）
   也算错开，几何上完全贴合却报 100% 错开：**严重高估**。
   （另有一个纯 bug：建集合用 `toFixed(7)`、查询用 `toFixed(6)`，导致全部查不中、误报 100% 错开。）
3. **渲染像素连通分量** —— 受抗锯齿、多部件面（五指山/三沙本就是群岛）、取景公式三层干扰；
   且「并集是否为 1 个分量」对天然多部件面不成立。
4. **点到线段最大距离** —— 取最大值会**饱和**在容差上限（读数恒等于 3km），量的是「到 B 的距离」而非缝宽。
5. **`area(A)+area(B)-area(A∪B)`** —— 用合成案例标定后发现 `-dissolve` 内部会**自动把 ≤9.6km 的缝合上**，
   故「报无缝」毫无意义（报有缝仍是可信阳性）。
   → 结论：**任何度量都必须先用自己的已知答案标定**，标定不过就不得据其下结论。
6. **共享 arc 比例**（最终采用）—— 自带对照：同源对必须高、跨源对是待测目标。
   同源 99.7% 而跨源 39%，一眼看出「判据有效 + 跨源确实没修好」。
7. **边界最小距离**（最终复核）—— 取最小值不会饱和；合成对照精确复现已知间距。

### 其他修正
- `-snap` 期间发现管线闸门引用 `z.ad`（实际字段是 `z.aad`）→ `startsWith` 崩溃，已修；并修正南海诸岛的排除写法（a/b 两侧都要判）。
- `units.json` 南海诸岛中心点必须**每轮显式赋值为 `[112,16]`**：管线读入 `units.json` 再写回，
  若「跳过重算」会把上一轮被几何质心污染的值（[122.4992, 23.4658]，跑到东海上）永久保留。
- 退役产物 `public/data/china_decorative.geojson` 已删除；管线若发现它存在会自动删除，`check-data.mjs` 也会报错。

### 验证
- 管线闸门：四档「邻接表零共享 0 ✅ + 几何邻接缝隙 0 ✅」；check-data `无问题 ✅`（四档缝隙 0）。
- **共享 arc：四档均 100%**（同源 896/896、跨源 41/41）。
- **边界最小距离：四档均 0m**（旧数据 90~425m）。
- 闸门有效性：0 误报 + 平移/缩放全部抓到 + 旧数据 42 处全部召回。
- tsc 0、vitest **112/112**、build 通过（bundle hash 未变，只换了数据）。
- 未提交的临时脚本（`diag-*`/`exp-*`/`ver-*`/`probe-*`）在提交前删除或确认已被 .gitignore 覆盖。

## 2026-09-11（推翻上一轮：`-clean` 才是坑洞元凶；改单一来源；闸门改源拓扑判据；档位改 6/14）

### 用户需求（四问）
1. 这几个省内仍有少量缝隙，能否手动填补？
2. 新疆有很多坑洞，为什么？
3. 缩放倍率与精细档位改为 `<6` ultra、`6~14` fine、`>14` lossless。
4. 塔城左边的省级边界和塔城市的市级边界中间为什么空了那么多？

### 关键发现一：`-clean` 自己会造洞（上一轮的「已无缝」是拿副作用换来的）
上一轮为缝合「341 cn-atlas 核心面 + 30 DataV 县级面」两个来源，引入了 `-snap 0.01 + -clean gap-width=auto`，把跨源共享弧从 39% 提到 100%。但 `-clean` 的语义是**把两面重叠区判给一方、并给对方留一个洞**：

`exp-clean-holes.mjs` —— 只喂 341 个 cn-atlas 真面（不含任何 DataV 面）：

| 变体 | 面数 | 内环 |
|---|---|---|
| 原样 | 22 | 46 |
| 只 `-snap` | 22 | 45 |
| **`-snap + -clean`** | **81** | **119** |

`-clean` 一次造出 **79 个新洞**，其中 12 个落在 9 个沿海单位（儋州/宁波/茂名/湛江/宁德/惠州/漳州/泉州/大连）——**与 DataV 无关，是 `-clean` 自身造成的**。这就是用户看到的「省内缝隙」与新疆坑洞的共同成因。

### 关键发现二：`units.json` 从未注册两个兵团市（用户第 4 问的答案）
cn-atlas 的 `prefectures` 在新疆有两个面不在白名单里，其区域不属于任何单位 → 渲染为空白：

| adcode | 名称 | 面积 | 中心 | 成立 | 划自 | 对应空白块 |
|---|---|---|---|---|---|---|
| 659012 | 白杨市 | 2550 km² | 82.508,45.933 | 2023 | 塔城地区 | **塔城西侧，正是用户指出那块** |
| 659011 | 新星市 | 593 km² | 93.718,42.684 | 2021 | 哈密市 | 哈密 560km² 洞，中心 93.777,42.696（偏移 0km） |

`diag-missing-faces.mjs`：白杨 86.9% 缺失、新星 68.6%、铁门关 48.1%。
注意否证：`diag-holes.mjs` 报的「塔城 9072km² 大洞」不是白杨 —— 该洞质心 `85.120,45.217` 距白杨中心 296km，实际由**克拉玛依市 650200** 填充。
（且该脚本用「顶点平均」当测试点，对凹环会落到洞外 → 假阳性；见下。）

### 解法：改单一来源，彻底不做 snap/clean
`prefectures` 的 372 个面本来就在**同一套弧拓扑**里（2385/4074 条 arc 被 ≥2 个面共享，970 对面共享 arc），根本不需要缝合。改为取全部 372 面 + 单独补 1 个南海诸岛（cn-atlas 完全没有，且是远离大陆的岛礁散点）。

三条路线实测对比（`ver-route-compare.mjs`）：

| 路线 | 面数 | 内环总数 | 无人填的洞 | 无人填面积 | 省−地真空 |
|---|---|---|---|---|---|
| ① 341 cn-atlas + 30 DataV → snap+clean（上一轮，已提交） | 371 | 125 | **33** | **12592 km²** | 11928 km² |
| ② 全部 372 cn-atlas 原生，无 snap/clean（**采用**） | 373 | 46 | **0** | **0** | 7270 km² |
| ③ 341 真实 + 32 源内县级 → snap+clean | 373 | 126 | 24 | 3984 km² | 8500 km² |

（① 的 2 个「坑」是脚本的凹环测试点假阳性。用严格栅格 `ver-hole-fill.mjs`，CELL 0.004、>5% 未覆盖才算，复检 ②：**46 个内环 0 个无人填**。）

用户报告的 33 个坑洞（12,592 km²，**全部在新疆**）在方案 ② 下归零：

| 指标 | 旧产物 | 新产物 |
|---|---|---|
| 全国无人填内环 | 33 | **0** |
| 全国无人填面积 | 12592 km² | **0 km²** |
| 新疆无人填内环 | 33 | **0** |

剩余 7270 km²「省级覆盖、地级不覆盖」经形状分析**全部是 3093 条细条**（平均厚度 1.0~2.3km，成团块 **0** 个），是 cn-atlas 的 `provinces` 与 `prefectures` 两个对象各自海岸线数字化差异（华南 2954 / 北方 2307 / 华东 1530 km²），非缺陷，且被 2.4px 省界线盖住。

### 关键发现三：闸门的几何容差判据不可能可靠 —— 改「源拓扑 arc 共享」
两块石头绊了三次，最终结论是**任何几何容差阈值都会误报**：

1. 用「近邻顶点计数 ≥3」：凉山彝族自治州(513400)↔曲靖市(530300) 恰好凑够 3 个被误判为相邻（几何最近 0.645km）。
   `diag-near-threshold.mjs` 把分布拉出来：「有共享顶点」组 near∈[3,…]、「零共享」组 near∈[1,7]，**两组重叠**，不存在干净阈值。
2. 改用「贴合边界总长」（尺度无关）：仍有 2 对零共享（凉山↔曲靖 5.86km、三亚↔五指山 0.87km），而真有共享的对最短 1.37km —— **依然重叠**。
3. 想用 `units.json` 的 neighbors 当基线也不行：该字段由本管线自己用 fine 档几何 `booleanIntersects` 生成，角点相接的两单位本就互不为邻居，拿它自证是**循环论证**。

根因：这两对**本就不相邻**。直接读源 TopoJSON 的 arc 引用（`diag-liangshan.mjs`）：

| 配对 | 源里共享 arc | 结论 |
|---|---|---|
| 凉山彝族自治州 ↔ 曲靖市 | **0** | 角点相接，非接缝 |
| 三亚市 ↔ 五指山市 | **0** | 同上 |
| 北京 ↔ 天津（阳性对照） | 4 | ✅ |
| 塔城地区 ↔ 白杨市（新增面） | 4 | ✅ |
| 哈密市 ↔ 新星市（新增面） | 2 | ✅ |

改用「源里共享 ≥1 arc 的 **970 对** ⇒ 产物里必须共享 ≥1 顶点」后，判据**确定性、无容差**：

- 四档均 **970/970 通过**，断裂 0。
- `ver-shared-boundary.mjs` 进一步实测「共享顶点 ⇒ 共享整段边界」：四档共享顶点 ≤1 的对 **0 个**，最短公共边界 0.47~0.63km（乐东↔保亭），公共边界总长 120~157 千 km。
- 顺带修掉一个荒谬读数：TopoJSON 的 arc 是**增量编码**，首版当绝对坐标算，得出「北京↔天津共享边界 8347 万 km」。

### 其他修正
- `scripts/check-data.mjs` 的几何容差缝隙检查整块换掉：改为按 `units.json` 的 `neighbors` 逐档复检零共享（970 对，四档 0）。
- 新增 `check-data.mjs` 的**空洞检查**：把每个内环单独栅格化，看有没有**别的面**盖住（>5% 未覆盖即报警），四档均 46 环 0 个无人填。
- `check-data.mjs` 里我第一版把「本单位覆盖」也算成功、且用 0.05° 环点当测试点（环点常落回本单位内部），新旧都报 23/23，**毫无区分度**；已改为与管线一致的口径。
- 档位阈值 `LOSSLESS_ZOOM_MIN 10 → 14`、`ULTRA_ZOOM_MAX 2 → 6`（`src/map/renderer.ts` 常量 + 9 处注释 + `src/types.ts` + `src/data.ts` + `scripts/*.mjs` 注释）。
  **踩坑**：用 PowerShell `Get-Content -Raw` + `Set-Content` 批量替换注释，把 UTF-8 读成 GBK → 写出 347 个 U+FFFD 乱码。已 `git checkout` 还原后改用 edit 工具重做（diff 仅 11 行）。**中文文件不要用 PowerShell 文本替换。**
- 南海诸岛中心点仍每轮显式赋值为 `[112, 16]`。

### 验证
- 管线四档：`邻接表相邻边 1835 对零共享 0 ✅` + `源拓扑 970 对相邻，保持共享顶点 970 对，断裂 0 ✅`。
- `check-data.mjs`：`无问题 ✅`（四档邻接零共享 0、四档 46 个内环全部被填）。
- 新旧产物同口径对比：无人填内环 **33 → 0**、无人填面积 **12592 → 0 km²**。
- 新增单位：白杨市(659012)↔塔城地区、新星市(659011)↔哈密市 互认邻居；产物 `units.json` 373 单位（33 个装饰面）。
- tsc 0、vitest **112/112**、build 通过（bundle 1,222.30 kB / gzip 393.59 kB，只换数据 hash 未变）。
- 临时脚本已全部删除（含未被 .gitignore 覆盖的 `exp-*`/`ver-*`）。


---

## 第 N+1 轮：2~6 倍加 pro、10~14 倍加 plus（地级 + 省级同档）

### 需求
- 用户原话：「在 2-6 的缩放倍率加一个 pro 地级市和省级边界（精细度介于 ultra 和 fine 之间），10-14 倍率就加一个 plus 地级市和省级边界（精细度介于 fine 和 lossless 之间）。」
- 即从三档变五档：`<2 ultra` / `2~6 pro` / `6~10 fine` / `10~14 plus` / `≥14 lossless`，**地级与省级共用同一套阈值**。

### 关键决策
1. **比例取相邻档的几何中点**，不是算术中点：`√(4×15)≈7.7 → 8%`、`√(15×100)≈38.7 → 40%`。
   理由：顶点数是**乘性**关系（简化到 1/n 时顶点数约为 n 分之一），用几何中点才能把相邻档的顶点数落差拉平。
   实测落差从 `2.6x / 5.8x` 降到 `1.9x / 2.0x / 2.4x`。
2. **pro 8% 与历史上的 `coarse` 8% 数值重合** —— 于是 `china_units_coarse.json` 直接写成 pro 的别名（`tierTopos.coarse = tierTopos.pro`），旧缓存 bundle 请求它时拿到的就是 pro 档，不会 404。省级 `coarse` 同理 = ultra 4%。
3. **省级五档改存 TopoJSON**（本轮最大的一个反直觉点，见下）。

### 「省级 plus 档居然比无损档还大 2.7 倍」
第一版按地级的做法把省级也输出成 GeoJSON，结果：

| 省级文件 | 体积 |
|---|---|
| `china_provinces_plus.geojson`（40% 顶点） | **1087KB** |
| `china_provinces_raw.json`（100% 顶点，TopoJSON） | 396KB |

**保留 40% 顶点的档比保留 100% 顶点的档还大 2.7 倍** —— 因为无损档存的是 TopoJSON（共享弧压缩），省级各档存的是 GeoJSON（无压缩）。

实测两者在同顶点数下的比值：

| 档案 | GeoJSON | TopoJSON | 压缩 |
|---|---|---|---|
| ultra 4% | 192KB | 43KB | −78% |
| pro 8% | 292KB | 58KB | −80% |
| fine 15% | 466KB | 84KB | −82% |
| plus 40% | 1087KB | 174KB | −84% |

（省份面彼此拓扑相邻，共享弧被复用，故顶点越多收益越大。）

**修法**：省级五档全部改存 TopoJSON（`mergeGeometriesByAdcode`，与地级同一函数），运行期由 `data.ts` 的 `provTopoToGeoJson()` 转回。plus 从 1087KB → **174KB**。下游（renderer / inset）因为拿到的仍是 GeoJSON，一行没改。

### 运行时加载量反而变小了
| | 文件数 | 合计 |
|---|---|---|
| 上一版（地级三档 + 省级两档 GeoJSON） | 11 | 3852KB |
| 本轮（地级五档 + 省级五档，全 TopoJSON） | 14 | **3114KB** |

**加了两个档，同步加载量反而少了 738KB** —— 格式优化的收益（省级 −1758KB）远大于新增档的代价（地级 +574KB、省级 +232KB）。

### 历史文件名保留
`china_provinces.geojson`（467KB = fine 展开）与 `china_provinces_coarse.geojson`（192KB = ultra 展开）**继续写出**，只服务「浏览器缓存里还是旧 index.html + 旧 hash bundle」的用户。新 bundle 只读 TopoJSON。
反过来，省级各档短暂产出过的 `china_provinces_{ultra,pro,plus}.geojson` 是过渡产物，已在管线里加入删除逻辑（否则会留 1571KB 死文件）。

### 把档位逻辑抽成可单测的纯模块
原先阈值判断内联在 `renderer.ts` 私有方法里，构造 Renderer 需要 DOM + ECharts，**根本没法单测**；而且地级一套、省级一套，很容易「改了一个忘另一个」。
新建 `src/map/tiers.ts`（纯函数、无依赖）：`tierOfZoom(zoom, drilled)` + `chinaMapNameForTier(tier)` / `provinceMapNameForTier(tier)`。
renderer 的 `activeTier()` / `chinaTierMapName()` / `provinceTierMapName()` / `activeProvinceLines()` 全部改为经它推导，阈值只有一处。测试覆盖了每个边界值（含 2/6/10/14 的 ±1e-9）、单调性（**绝不允许「放大反而变糙」**），以及「`data.ts` 的字段名与 `tiers.ts` 的地图名一一对应」。

### 抓住一个真实缺陷：别名不是同一份数据
新写的端到端测试 `dataTiers.test.ts` 断言 `data.coarseGeoJson === data.proGeoJson`（同一对象），**当场失败** ——
`data.ts` 里 `coarseGeoJson: topoToGeoJson(proTopo)` 和 `proGeoJson: topoToGeoJson(proTopo)` 对**同一份 TopoJSON 转换了两次**（省级 ultra 同理）。
TopoJSON→GeoJSON 每次都要重新展开全部弧，重复转换白费一次 18k 顶点的内存，也让「别名」名不副实。
已改为先 `const proGeo = topoToGeoJson(proTopo)` 再复用。

### 跨档一致性（新增不变式测试）
`src/tierConsistency.test.ts`：ECharts 的 `registerMap` 按 `feature.properties.name` 建 region，**着色 / 点击命中 / 标签锚点全靠这个名字**。若五档的 name 集合或 adcode↔name 映射有差异，跨阈值换档时该单位会突然丢色或点不中（历史上 DataV/拼音名混用就踩过）。
实测五档地级（373 面）与五档省级（35 面）的 name 集合与 adcode↔name 映射**逐字相同**，且 `units.json` 里每个单位在 fine 档都有面对应。

### 踩坑
- `node --experimental-strip-types ver-tiers-e2e.mjs` 失败：Node 的 type-stripping **不做无扩展名解析**，`src/data.ts` 里 `from './i18n'` 解析不到。改为把端到端验证写成 vitest 用例（`dataTiers.test.ts`），复用 vite 的解析规则，顺便让它在 CI 里长期守着。
- `edit` 工具替换 `data.ts` 的 cache 字面量时，old_string 从 `units,` 开始、而 new_string 又带上了 `cache = {`，导致 `cache = {` 出现两次、语法崩（tsc 报 8 个 TS1005）。读回文件修正后重跑通过。

### 验证
- 管线五档全部通过：`邻接表相邻边 1835 对零共享 0 ✅`、`源拓扑 970 对相邻，保持共享顶点 970 对，断裂 0 ✅`。
- `check-data.mjs` `无问题 ✅`：地级五档 970/970 邻接、五档 46 个内环全部被填；省级五档（4875 / 7524 / 12086 / 28365 / 68879 顶点）几何全部有效。
- tsc 0；vitest **130/130**（新增 `tiers.test.ts` 11 条 + `dataTiers.test.ts` 4 条 + `tierConsistency.test.ts` 3 条）；build 通过（1,223.48 kB / gzip 393.88 kB）。
- 临时脚本 `probe-tier-size.mjs`、`probe-prov-topo.mjs` 已删除。

### 内存代价实测（补记）
五档全部展开后：地级 304,311 顶点 + 省级 121,729 顶点 = **426,040 顶点**，
heapUsed 增 **34.5MB**（约 **85 字节/顶点**，用 --expose-gc + global.gc() 前后取差测得）。
相对上一版三档（地级 214k 顶点）多约 **9.4MB**。这个代价是刻意接受的吗？
是 —— 五档常驻换取「跨阈值换档零解析抖动」，且单帧绘制量仍由视口裁剪限制（见 4.4）。


================================================================================
## 2026-02-19 18:00 — 世界地图换源：Surbowl → Natural Earth 50m（TopoJSON）
================================================================================
**改动**：scripts/fetch-world-data-v2.mjs（新增，现役世界管线）、public/data/world_v2.topojson（新增，430KB）、
src/data.ts（fetch 目标改 world_v2.topojson，经 topoWorldToGeoJson 展开）、README.md / DESIGN.md / CONTEXT.md、
docs/adr/0003-world-map-geometry-source-switch.md（新增）、.gitignore（忽略 .world-src-probe / shot-world）、
scripts/shot-world-compare.mjs（新增，前后对比出图）。

**效果**：中位线段 0.733° → **0.179°**（1000px 世界图下 2.04px → **0.50px**，4.1 倍精细）；p90 1.909° → 0.496°。
文件 298KB → 430KB（首屏 3114KB → 3246KB，+132KB）。面数守恒：195 答题国 + 44 装饰面；countries.json 一行未改。

**关键决策**（详见 ADR-0003）：
- 弃用「换 Natural Earth 110m」：实测 10,654 顶点 / 中位 0.709°，比现用源**更粗**且面数 239→177，负收益。
- 弃用 10m：中位可到 0.276° 且体积更小，但装饰面 44→60，多出 16 个争议飞地需逐个决定归类。
- 必须存 **TopoJSON**：同一份 dp50 几何存 GeoJSON 是 1,645KB，TopoJSON 仅 430KB（3.8 倍）。
- iso 取值 = ISO_A3（为 '-99' 时回退 ADM0_A3）：单独 ADM0_A3 漏 SSD/PSE（193/195）；
  用 ISO_A3_EH 会让澳属印度洋领地与阿什莫尔群岛都拿到 AUS，三面同名被 ECharts **静默合并 region**。
- 装饰面判定由黑名单改**白名单**：黑名单失效模式是「多一个答题国」并静默污染排行榜/熟练度。
- 中国保持单一合并面（显式清单并入 TWN/HKG/MAC，不用 bbox 封套——后者会把锡亚琴冰川一并吞进中国）。
- 输出文件中文名**一律由 countries.json 反查**，从结构上杜绝 NE 给台湾的 NAME_ZH「中华民国」流入界面。

⚠ **换源副作用（已修补，勿回退）**：NE 50m 中国面最南仅到北纬 18.2°，**南海诸岛整个不存在**
（10m 放独立 PGA 面、110m 不画），而旧档南伸至 3.4°。管线已从旧档移植 15 个岛礁多边形（113 顶点、+1KB），
并加守恒断言「中国面最南纬度必须 < 18.3°」防止该主权相关回归静默复现。

**验证**：tsc 0；vitest **130/130**；build 通过（1,223.60 kB / gzip 393.90 kB）。
输出契约实测：195/195 iso 匹配 countries.json、答题国 name 与 countries.json 逐字相同、面名唯一、装饰面无 iso 泄漏。
Q14 标签锚点探针：**195/195 仍落在本国面上**（漂移中位 0.053° / 0.1px，最大 1.959° / 5.4px）。
对比图 5 组（全球/中国周边/欧洲/加勒比/挪威峡湾）在 shot-world/（上=旧、下=新）。

**回滚路径**：旧档 public/data/world.geojson 与旧管线 scripts/fetch-world-data.mjs 原封保留、仅停止加载；
src/data.ts 把 data/world_v2.topojson 换回 data/world.geojson 即可（无需联网重下外网 CDN）。
================================================================================
## 2026-09-11 19:00 — 世界地图：藏南口径修正（换 NE10m _chn）+ Robinson 投影
================================================================================

**本轮两个改动**（都只碰世界地图；中国地图一行未改）：

1. **几何源再换一次**：Natural Earth 50m 标准版 → **10m `_chn` 中国视角变体**。
   动机是用户问「藏南有没有」——查下来 50m 标准版把藏南划给了印度。
2. **世界图投影改为 Robinson 折中投影**。动机是用户问「能不能用等平投影，不然俄国面积太大」。

**藏南（实测，非推断）**：
- 8 个真实城镇（达旺/邦迪拉/德让宗/瓦弄/墨脱/察隅/隆子/错那）归属：
  旧档 Surbowl **8/8 归中国**、NE50 标准版 **4/8**（达旺/邦迪拉/德让宗/瓦弄 翻给印度）、NE10m `_chn` **8/8**。
- 98 格点探针：旧档 59 中国/21 印度；NE50 标准 **36/45（回归）**；NE10m `_chn` **60/21**。
- `_chn` 变体**只有 10m 档**（`ne_50m_admin_0_countries_chn.geojson` 实测 404）。
- 中国面 bbox：`_chn` 为 73.6,9.7,134.8,53.6（93 多边形）vs 标准 50m 73.6,18.2,134.8,53.6（13 多边形）。

**为什么藏南不能「照南海诸岛那样从旧档移植」**（这是本轮最关键的判断）：
- 南海诸岛 = 与任何面都不重叠的**孤立小岛** → 往中国面 push 多边形即可，纯增量、零副作用。
- 藏南 = 位于中国面**主体大环内部**（旧档/NE50/`_chn` 三源实测一致：藏南都在同一主体环里，**不是独立多边形**），
  且当前属于印度面。移植必须同时：①北移主体环那条边界线（NE50 标准版此处有 101 个顶点）
  ②从印度面减去同一区域。只做①→两面重叠；只做②→空洞；都做→等于自己实现多边形布尔运算。
- 网格量化：直接「往中国面加旧档藏南多边形」会造成 0.4% 面积重叠。
- 旧档藏南边界精细度也不够（框内 16 顶点、线段中位 0.461°，新档全图中位 0.163°），移植后接缝会有锯齿。
- `_chn` 变体由 NE 官方完成上述手术 → 本管线零布尔运算。**这是选它的核心理由。**

**投影（实测面积失真，方法：Fowler 球面公式，与 8 个公开真值校验误差 ±1.4%）**：
| | 等距圆柱 | Robinson |
|---|---|---|
| 俄罗斯 | 2.15× | **1.50×** |
| 加拿大 | 2.11× | 1.48× |
| 格陵兰 | 3.82× | **1.96×** |
| 美国 | 1.46× | 1.25× |
| 中国 | 1.25× | 1.16× |
| 俄/非 面积比 | 1.164（俄显得比非洲大） | **0.828**（真实 0.574） |

**投影接入的最大陷阱（实测复现）**：一旦提供 `geo.projection`，ECharts 的 `geo.center` **语义从经纬度
变成投影后坐标**（`node_modules/echarts/lib/action/roamHelper.js` 原注释「Use projected coord as center
because it's linear」），`getBoundingRect()` 亦然；而 `dataToPoint`/`pointToData` 仍收发经纬度。
把旧值 `center:[0,-3.2]` 直接喂给启用投影的 geo → 北京落到 y=765.6（460px 画布外，整图错位）；
改用投影纵向中点 `[0,-0.0231]` → 北京落在 (670,326)，正确。

对策：渲染器内部**相机恒以经纬度为规范表示**，投影只出现在 `toGeoCenter()`/`fromGeoCenter()` 一对
转换里。6 处 `setOption({geo:{center}})` 全走 `toGeoCenter`；2 处回读（`georoam` 读 geo 权威中心、
`currentGeoView` 读 `chart.getOption()`）全走 `fromGeoCenter`。静态接线探针核对「未转换处 = 0」。

**顺带修掉的两处投影相关错误**：
- 世界图默认中心纬度改为由投影反算：Robinson 下「南极→83.6°N」关于赤道不对称（南半球多 6.4°），
  投影包围盒纵向中点约 **-1.378°** 而非赤道，旧值 -3.2 会让世界图上下偏约 1.2% 画布高。
- 大洲取景 zoom 公式由 `360/经度跨度` 改为 `WORLD_PROJECTED_WIDTH / maxProjectedWidth(框)`：
  前者只在等距圆柱下成立，Robinson 下经度投影宽度随纬度收缩（赤道 1.0 → 60°N 0.80 → 80°N 0.62）。

**发现的 ECharts 缺陷（此处不影响可见性，故保留现状并记录）**：ECharts 用 `geoCreator.js` 的
`sampleLine` 采样 `boundingCoords` 求投影包围盒时，「Left」边走的是 (xMin,yMax)→(xMax,yMin) 的
**对角线**而非竖直线 → 非线性投影下算窄（实测 4.284 vs 真实 5.333）。遍历全部 73,370 顶点核对：
各种配置下最西/最东/最南/最北顶点均落在画布内、左右留白对称（900×460 下 xMin 84.7px、xMax 815.3px），
**不产生裁剪或错位**，故保留 `boundingCoords` 换取确定性取景。

**独立审计（只读，用真实 ECharts 驱动真实数据）发现并已修掉的两个缺陷**：

- **M2（已修）大洲取景公式错了两处**。我原先改成 `WORLD_PROJECTED_WIDTH / maxProjectedWidth(框)`：
  ① **分母用错** —— `zoom` 的语义是「相对 ECharts 自己算出的投影矩形」，而那个矩形实测 4.2843，
    真实投影宽度是 5.3325，**相差 1.2447 倍**，导致所有大洲系统性过放大。
  ② **只适配宽度** —— 南北跨度大的框纵向撑爆（南美占画布高 228%、非洲 164%）。
    这一条**改动前就存在**（旧公式 `360/经度跨度` 同样只算宽度），不是本次引入的。
  修法：新增 `pixelsPerProjectedUnit()`（用 `getBoundingRect()` 的实际矩形、取宽高两约束更严格者）
  与 `fitZoomForLngLatBox()`（宽高双适配 + 12% 留白）。实测六洲在 900×460 / 1400×700 /
  1200×1000 / 1600×900 / 2560×1080 五种画布下**全部 0/6 溢出**（改前 2–3/6）。
  另核实：世界图实际占画布比例 改动前 63.6% → 现状 **82.0%**（画布 900×460），
  即本次改动把世界图**放大了**而非缩小；左右留白 80.9/80.9px 对称、无裁剪。

- **M1（已修，潜伏）`pointToData` 在启用投影后是坏的（ECharts 5.6 缺陷）**：
  `lib/coord/geo/Geo.js` 的 `pointToData` 先 `projection.unproject(point)` 再 `this.pointToProjected(point)`，
  **顺序反了** —— 它把原始**像素**直接喂给 `unproject`。实测往返 **0/6** 正确（纬度恒塌缩成 -1.395）；
  改成正确顺序（先逆 roam 变换、再 unproject）后 **6/6** 精确还原。经我独立复现确认。
  当前唯一调用点是 `cull.ts` 的 `viewportBox`，而世界图裁剪在 `cullToViewport()` 里 early-return，
  故**尚未影响线上**；已在 `cull.ts` 改为「`pointToProjected` + `projection.unproject`」组合并注明原因，
  并补注「若真开世界图裁剪，还须把取画布四角改成多采样」（非线性映射下四角不对应数据极值）。

- **审计提出但我复核后否定的两项**（记录以免后人重复怀疑）：
  ① 审计称原注释「73,370 顶点」是陈旧的、应为 74,091。我独立复算：`geometry.coordinates` 叶点数
     **确为 73,370**（74,091 应是把 244 个 feature 的其他坐标也计入或含未剥离属性）。原数字正确。
  ② 审计一度怀疑对称性问题导致左边缘被裁 26%，**它自己实证否定了该假设**，与我的顶点遍历结论一致。

**评审后追加的验证**：
- tsc 0；vitest **160/160**（projection.test.ts 由 23 条增至 **30 条**，新增 `pixelsPerProjectedUnit`、
  `fitZoomForLngLatBox` 的覆盖，含「六洲在五种画布下都装得下」「至少一边占 >80%（不会缩得过小）」
  「padding 单调」「退化输入不产生 NaN」「用错分母会偏大 1.5 倍以上」的回归断言）。
- build 通过（1,226.54 kB / gzip 395.19 kB）；接线静态探针扩到 **12 项全过**（新增双适配、矩形分母、
  geoCoordSys 复用三项）、`setOption` 中未转换的 center 仍 **0 处**。
- 端到端 HTTP：`world_v2.topojson` 200 / 646,704 字节，244 geometries / 244 唯一 name、
  195 答题 + 49 装饰、CHN 60 多边形、无 TWN 独立面。

**断言从「数量守恒」改为「语义口径」**：上一版只断言「195 答题国 / 44 装饰面」，
结果藏南丢失在**断言全绿**的情况下静默发生——守恒的是数量，不是领土口径。现改为：
① 藏南 8 个真实城镇必须全部落在中国面内（射线法，与渲染器同一套数学）
② 中国面最南纬度必须 < 5°N（含曾母暗沙 3.40°）
装饰面**数量**不再硬断言（旧档 44 → `_chn` 49，数量本身不是契约），改为断言「装饰面不得持有答题池内 iso」。

**南海诸岛**：`_chn` 已自带约 20 个南海岛礁（含西沙、部分南沙），但仍缺最南端
（曾母暗沙 3.4°N、琼台礁 7.0°N）。管线从旧档回补**最南纬度 < 9.6°** 的多边形，实测 **5 个多边形 / 36 顶点**，
补后中国面最南 **3.40°N**。

**改动文件**：scripts/fetch-world-data-v2.mjs（换源 + 语义断言）、public/data/world_v2.topojson（636KB）、
src/map/projection.ts（新增，Robinson）、src/map/projection.test.ts（新增，23 条断言）、
src/map/renderer.ts（投影接线）、src/map/cull.ts（补注释说明「画布四角法」只对中国图成立）、
scripts/shot-world-projection.mjs（新增，投影对比出图）、scripts/shot-world-compare.mjs（改标签）、
README.md / DESIGN.md / CONTEXT.md / docs/adr/0003。

**验证**：
- `node scripts/fetch-world-data-v2.mjs` 重跑**字节级可复现**（sha256 前后一致 `C51591BB…`）；
  输出 `✓ 领土：南海最南 3.40°（<5）| 藏南 8/8 格点在中国面内`
  `✓ 守恒：195 答题国 / iso 无重复 / 面名无重复 / 装饰面无 iso 泄漏`
  `面数 244 = 195 + 49`、`并入中国的面: HKG,MAC`（TWN 已在 `_chn` 内预合并）。
- 精细度：顶点 11,693 → **73,370**；中位线段 0.7334°(2.04px) → **0.1627°(0.45px)**；p90 1.9091° → 0.4646°；**4.51 倍**。
  文件 298KB → 636KB（gzip 107KB → 205KB）。
- 端到端 HTTP 实测（http-server 起 dist）：`world_v2.topojson` 200 / 646,704 字节，
  244 geometries、**244 个唯一 name**、195 答题 + 49 装饰、CHN 60 个多边形。
- tsc 0；vitest **153/153**（新增 projection.test.ts 23 条：官方系数表端点、往返一致性、面积失真必须小于等距圆柱）；
  build 通过（1,225.42 kB / gzip 394.72 kB）。
- 接线静态探针 8 项全过、`setOption` 中未转换的 center **0 处**。
- 对比图：`shot-world/`（5 组几何前后）+ `shot-world/projection-compare.png`（投影前后，上=等距圆柱、下=Robinson）。
  **人工看图仍是最终验收依据**（用户已选定人工比对而非自动断言）。

**回滚路径**：
- 几何：`src/data.ts` 把 `data/world_v2.topojson` 换回 `data/world.geojson`（旧档与旧管线原封保留）。
- 投影：`renderer.ts` 的 `projection: this.worldMode ? robinsonProjection : undefined` 改为 `undefined`，
  并把 `DEFAULT_VIEWS.world.center` 恢复为经纬度 `[0,-3.2]`（投影关闭后 center 语义回到经纬度）。
  两处改动都可独立回滚，互不依赖。
